// Jest Snapshot v1, https://goo.gl/fbAQLP

exports[`<Header /> Snapshot test for Header component Should match the Header snapshot 1`] = `
<header
  className="header"
>
  <a
    href="/"
    onClick={[Function]}
  >
    <h1
      className="logo"
    >
      RICK AND MORTY
    </h1>
  </a>
</header>
`;
